<?xml version="1.0" encoding="utf-8"?><testsuites name="pytest tests"><testsuite name="pytest" errors="0" failures="0" skipped="0" tests="82" time="0.582" timestamp="2025-06-29T17:17:23.526356-05:00" hostname="Tejus-MBP.localdomain"><testcase classname="test.file_manager.test_all.TestFileManager" name="test_preexisting_file_detection[preexisting_files0-run_activity_data-test_cases0]" file="test/file_manager/test_all.py" line="83" time="0.006" /><testcase classname="test.file_manager.test_all.TestFileManager" name="test_preexisting_file_detection[preexisting_files1-bike_activity_data-test_cases1]" file="test/file_manager/test_all.py" line="83" time="0.001" /><testcase classname="test.file_manager.test_all.TestFileManager" name="test_preexisting_file_detection[preexisting_files2-hike_activity_data-test_cases2]" file="test/file_manager/test_all.py" line="83" time="0.001" /><testcase classname="test.file_manager.test_all.TestFileManager" name="test_filtering_logic[config_overrides0-run_activity_data-FileType.GPX-None-Activity ID excluded]" file="test/file_manager/test_all.py" line="157" time="0.001" /><testcase classname="test.file_manager.test_all.TestFileManager" name="test_filtering_logic[config_overrides1-bike_activity_data-FileType.GPX-None-Activity type excluded]" file="test/file_manager/test_all.py" line="157" time="0.001" /><testcase classname="test.file_manager.test_all.TestFileManager" name="test_filtering_logic[config_overrides2-hike_activity_data-FileType.TCX-None-File type excluded]" file="test/file_manager/test_all.py" line="157" time="0.001" /><testcase classname="test.file_manager.test_all.TestFileManager" name="test_filtering_logic[config_overrides3-run_activity_data-FileType.GPX-None-Activity before start date]" file="test/file_manager/test_all.py" line="157" time="0.001" /><testcase classname="test.file_manager.test_all.TestFileManager" name="test_filtering_logic[config_overrides4-run_activity_data-FileType.GPX-None-Activity after end date]" file="test/file_manager/test_all.py" line="157" time="0.001" /><testcase classname="test.file_manager.test_all.TestFileManager" name="test_filtering_logic[config_overrides5-run_activity_data-FileType.GPX-expected_path-Activity within date range]" file="test/file_manager/test_all.py" line="157" time="0.001" /><testcase classname="test.file_manager.test_all.TestFileManager" name="test_polyline_requirement_for_gps_files" file="test/file_manager/test_all.py" line="245" time="0.001" /><testcase classname="test.file_manager.test_all.TestFileManager" name="test_polyline_requirement_with_polyline_data" file="test/file_manager/test_all.py" line="269" time="0.001" /><testcase classname="test.file_manager.test_all.TestFileManager" name="test_path_construction" file="test/file_manager/test_all.py" line="291" time="0.001" /><testcase classname="test.file_manager.test_all.TestFileManager" name="test_multiple_file_types_same_activity" file="test/file_manager/test_all.py" line="310" time="0.001" /><testcase classname="test.file_manager.test_all.TestFileManager" name="test_str_representation" file="test/file_manager/test_all.py" line="339" time="0.001" /><testcase classname="test.file_manager.test_all.TestFileManager" name="test_mark_activity_as_redownloadable_selective_behavior" file="test/file_manager/test_all.py" line="365" time="0.002" /><testcase classname="test.file_manager.test_all.TestFileManager" name="test_mark_activity_as_redownloadable_deletes_files" file="test/file_manager/test_all.py" line="423" time="0.001" /><testcase classname="test.file_manager.test_all.TestFileManager" name="test_check_for_activity_changes_activity_not_tracked" file="test/file_manager/test_all.py" line="462" time="0.001" /><testcase classname="test.file_manager.test_all.TestFileManager" name="test_check_for_activity_changes_json_not_downloaded" file="test/file_manager/test_all.py" line="479" time="0.001" /><testcase classname="test.file_manager.test_all.TestFileManager" name="test_check_for_activity_changes_unchanged_activity" file="test/file_manager/test_all.py" line="506" time="0.001" /><testcase classname="test.file_manager.test_all.TestFileManager" name="test_check_for_activity_changes_data_changed" file="test/file_manager/test_all.py" line="532" time="0.001" /><testcase classname="test.file_manager.test_all.TestFileManager" name="test_check_for_activity_changes_file_content_modified" file="test/file_manager/test_all.py" line="564" time="0.002" /><testcase classname="test.file_manager.test_all.TestFileManager" name="test_check_for_activity_changes_file_missing" file="test/file_manager/test_all.py" line="601" time="0.001" /><testcase classname="test.file_manager.test_all.TestFileManager" name="test_should_ignore_file_system_files" file="test/file_manager/test_all.py" line="627" time="0.001" /><testcase classname="test.file_manager.test_all.TestFileManager" name="test_should_ignore_file_temporary_files" file="test/file_manager/test_all.py" line="646" time="0.001" /><testcase classname="test.file_manager.test_all.TestFileManager" name="test_should_ignore_file_valid_files" file="test/file_manager/test_all.py" line="664" time="0.001" /><testcase classname="test.file_manager.test_all.TestFileManager" name="test_add_preexisting_file_ignores_system_files" file="test/file_manager/test_all.py" line="683" time="0.001" /><testcase classname="test.file_manager.test_all.TestFileManager" name="test_add_preexisting_file_ignores_temporary_files" file="test/file_manager/test_all.py" line="711" time="0.001" /><testcase classname="test.file_manager.test_per_activity" name="test_roundtrip_filename_preservation[2024-01-15-08-30-00_activity_12345678901_running_Morning_Run_in_Central_Park.gpx-FileType.GPX-run_activity_data]" file="test/file_manager/test_per_activity.py" line="46" time="0.001" /><testcase classname="test.file_manager.test_per_activity" name="test_roundtrip_filename_preservation[2024-02-20-14-15-30_activity_23456789012_cycling_Weekend_Bike_Ride___Hill_Training.gpx-FileType.GPX-bike_activity_data]" file="test/file_manager/test_per_activity.py" line="46" time="0.000" /><testcase classname="test.file_manager.test_per_activity" name="test_roundtrip_filename_preservation[2024-03-10-12-00-00_activity_34567890123_hiking_Mountain_Trail_Hike.gpx-FileType.GPX-hike_activity_data]" file="test/file_manager/test_per_activity.py" line="46" time="0.000" /><testcase classname="test.file_manager.test_per_activity" name="test_roundtrip_filename_preservation[2024-01-15-08-30-00_activity_12345678901_running_Morning_Run_in_Central_Park.tcx-FileType.TCX-run_activity_data]" file="test/file_manager/test_per_activity.py" line="46" time="0.001" /><testcase classname="test.file_manager.test_per_activity" name="test_roundtrip_filename_preservation[2024-02-20-14-15-30_activity_23456789012_cycling_Weekend_Bike_Ride___Hill_Training.tcx-FileType.TCX-bike_activity_data]" file="test/file_manager/test_per_activity.py" line="46" time="0.000" /><testcase classname="test.file_manager.test_per_activity" name="test_roundtrip_filename_preservation[2024-03-10-12-00-00_activity_34567890123_hiking_Mountain_Trail_Hike.tcx-FileType.TCX-hike_activity_data]" file="test/file_manager/test_per_activity.py" line="46" time="0.000" /><testcase classname="test.file_manager.test_per_activity" name="test_roundtrip_filename_preservation[2024-01-15-08-30-00_activity_12345678901_running_Morning_Run_in_Central_Park.json-FileType.ACTIVITY_JSON-run_activity_data]" file="test/file_manager/test_per_activity.py" line="46" time="0.000" /><testcase classname="test.file_manager.test_per_activity" name="test_roundtrip_filename_preservation[2024-02-20-14-15-30_activity_23456789012_cycling_Weekend_Bike_Ride___Hill_Training.json-FileType.ACTIVITY_JSON-bike_activity_data]" file="test/file_manager/test_per_activity.py" line="46" time="0.000" /><testcase classname="test.file_manager.test_per_activity" name="test_roundtrip_filename_preservation[2024-03-10-12-00-00_activity_34567890123_hiking_Mountain_Trail_Hike.json-FileType.ACTIVITY_JSON-hike_activity_data]" file="test/file_manager/test_per_activity.py" line="46" time="0.000" /><testcase classname="test.file_manager.test_per_activity" name="test_create_from_file_path_invalid_suffix" file="test/file_manager/test_per_activity.py" line="99" time="0.001" /><testcase classname="test.file_manager.test_per_activity" name="test_create_from_file_path_invalid_format" file="test/file_manager/test_per_activity.py" line="107" time="0.001" /><testcase classname="test.file_manager.test_per_activity" name="test_format_into_filename_activity_id_mismatch" file="test/file_manager/test_per_activity.py" line="115" time="0.001" /><testcase classname="test.file_manager.test_per_activity" name="test_format_into_filename_file_type_not_downloaded" file="test/file_manager/test_per_activity.py" line="129" time="0.001" /><testcase classname="test.file_manager.test_per_activity" name="test_sanitize_filename_component[Normal Activity Name-Normal_Activity_Name]" file="test/file_manager/test_per_activity.py" line="142" time="0.000" /><testcase classname="test.file_manager.test_per_activity" name="test_sanitize_filename_component[Activity/With\\Slashes-Activity_With_Slashes]" file="test/file_manager/test_per_activity.py" line="142" time="0.000" /><testcase classname="test.file_manager.test_per_activity" name="test_sanitize_filename_component[Activity with special chars !@#$%-Activity_with_special_chars]" file="test/file_manager/test_per_activity.py" line="142" time="0.000" /><testcase classname="test.file_manager.test_per_activity" name="test_sanitize_filename_component[-unnamed]" file="test/file_manager/test_per_activity.py" line="142" time="0.000" /><testcase classname="test.file_manager.test_per_activity" name="test_sanitize_filename_component[AAAAAAAAAAAAAAAAAAAAAAAAAAAAAAAAAAAAAAAAAAAAAAAAAAAAAAAAAAAAAAAAAAAAAAAAAAAAAAAAAAAAAAAAAAAAAAAAAAAA-AAAAAAAAAAAAAAAAAAAAAAAAAAAAAAAAAAAAAAAAAAAAAAAAAA]" file="test/file_manager/test_per_activity.py" line="142" time="0.000" /><testcase classname="test.file_manager.test_per_activity" name="test_sanitize_filename_component[   Spaces   -Spaces]" file="test/file_manager/test_per_activity.py" line="142" time="0.000" /><testcase classname="test.file_manager.test_per_activity" name="test_format_start_time" file="test/file_manager/test_per_activity.py" line="156" time="0.000" /><testcase classname="test.test_config.TestConfigValidParsing" name="test_valid_config_parsing[env_vars0-expected_values0-Default configuration values]" file="test/test_config.py" line="22" time="0.001" /><testcase classname="test.test_config.TestConfigValidParsing" name="test_valid_config_parsing[env_vars1-expected_values1-Custom configuration values]" file="test/test_config.py" line="22" time="0.001" /><testcase classname="test.test_config.TestConfigValidParsing" name="test_valid_config_parsing[env_vars2-expected_values2-Boolean variations (1, yes, on)]" file="test/test_config.py" line="22" time="0.001" /><testcase classname="test.test_config.TestConfigValidParsing" name="test_valid_config_parsing[env_vars3-expected_values3-Minimum numeric values]" file="test/test_config.py" line="22" time="0.001" /><testcase classname="test.test_config.TestConfigValidParsing" name="test_valid_config_parsing[env_vars4-expected_values4-Large numeric values]" file="test/test_config.py" line="22" time="0.001" /><testcase classname="test.test_config.TestConfigValidParsing" name="test_valid_filtering_config[env_vars0-expected_filtering0-Date range filtering (YYYY-MM-DD format)]" file="test/test_config.py" line="123" time="0.001" /><testcase classname="test.test_config.TestConfigValidParsing" name="test_valid_filtering_config[env_vars1-expected_filtering1-Date range filtering (YYYY-MM-DD HH:MM:SS format)]" file="test/test_config.py" line="123" time="0.001" /><testcase classname="test.test_config.TestConfigValidParsing" name="test_valid_filtering_config[env_vars2-expected_filtering2-Activity type filtering]" file="test/test_config.py" line="123" time="0.001" /><testcase classname="test.test_config.TestConfigValidParsing" name="test_valid_filtering_config[env_vars3-expected_filtering3-Activity type filtering with spaces]" file="test/test_config.py" line="123" time="0.001" /><testcase classname="test.test_config.TestConfigValidParsing" name="test_valid_filtering_config[env_vars4-expected_filtering4-Activity ID filtering]" file="test/test_config.py" line="123" time="0.001" /><testcase classname="test.test_config.TestConfigValidParsing" name="test_valid_filtering_config[env_vars5-expected_filtering5-Activity ID filtering with spaces]" file="test/test_config.py" line="123" time="0.001" /><testcase classname="test.test_config.TestConfigValidParsing" name="test_valid_filtering_config[env_vars6-expected_filtering6-File type filtering]" file="test/test_config.py" line="123" time="0.001" /><testcase classname="test.test_config.TestConfigValidParsing" name="test_valid_filtering_config[env_vars7-expected_filtering7-Single file type filtering]" file="test/test_config.py" line="123" time="0.001" /><testcase classname="test.test_config.TestConfigErrorHandling" name="test_config_error_handling[env_vars0-GARMIN_USERNAME and GARMIN_PASSWORD environment variables are required-Missing both credentials]" file="test/test_config.py" line="245" time="0.001" /><testcase classname="test.test_config.TestConfigErrorHandling" name="test_config_error_handling[env_vars1-GARMIN_USERNAME and GARMIN_PASSWORD environment variables are required-Missing password]" file="test/test_config.py" line="245" time="0.001" /><testcase classname="test.test_config.TestConfigErrorHandling" name="test_config_error_handling[env_vars2-GARMIN_USERNAME and GARMIN_PASSWORD environment variables are required-Missing username]" file="test/test_config.py" line="245" time="0.001" /><testcase classname="test.test_config.TestConfigErrorHandling" name="test_config_error_handling[env_vars3-Invalid cron schedule:-Invalid cron expression]" file="test/test_config.py" line="245" time="0.001" /><testcase classname="test.test_config.TestConfigErrorHandling" name="test_config_error_handling[env_vars4-CRON_SCHEDULE cannot contain quotes-Cron with quotes]" file="test/test_config.py" line="245" time="0.001" /><testcase classname="test.test_config.TestConfigErrorHandling" name="test_config_error_handling[env_vars5-Invalid BATCH_SIZE value 'invalid': must be a valid integer-Invalid batch size]" file="test/test_config.py" line="245" time="0.001" /><testcase classname="test.test_config.TestConfigErrorHandling" name="test_config_error_handling[env_vars6-Invalid BATCH_SIZE value '50.5': must be a valid integer-Float for integer field]" file="test/test_config.py" line="245" time="0.001" /><testcase classname="test.test_config.TestConfigErrorHandling" name="test_config_error_handling[env_vars7-Invalid REQUEST_DELAY_SECONDS value 'invalid': must be a valid number-Invalid request delay]" file="test/test_config.py" line="245" time="0.001" /><testcase classname="test.test_config.TestConfigErrorHandling" name="test_config_error_handling[env_vars8-Invalid REQUEST_DELAY_SECONDS value '1.2.3': must be a valid number-Malformed float]" file="test/test_config.py" line="245" time="0.001" /><testcase classname="test.test_config.TestConfigErrorHandling" name="test_config_error_handling[env_vars9-Invalid EXCLUDED_ACTIVITY_IDS value 'invalid': must be a valid integer-Invalid activity ID in list]" file="test/test_config.py" line="245" time="0.002" /><testcase classname="test.test_config.TestConfigErrorHandling" name="test_config_error_handling[env_vars10-Invalid EXCLUDED_ACTIVITY_IDS value '456.5': must be a valid integer-Float activity ID in list]" file="test/test_config.py" line="245" time="0.001" /><testcase classname="test.test_config.TestConfigErrorHandling" name="test_config_error_handling[env_vars11-Invalid file type 'invalid'-Invalid file type in list]" file="test/test_config.py" line="245" time="0.001" /><testcase classname="test.test_config.TestConfigErrorHandling" name="test_config_error_handling[env_vars12-Cannot exclude 'activity_json' file type-Cannot exclude activity_json file type]" file="test/test_config.py" line="245" time="0.001" /><testcase classname="test.test_config.TestConfigErrorHandling" name="test_graceful_edge_cases[env_vars0-Empty excluded activity IDs]" file="test/test_config.py" line="369" time="0.001" /><testcase classname="test.test_config.TestConfigErrorHandling" name="test_graceful_edge_cases[env_vars1-Empty excluded activity types]" file="test/test_config.py" line="369" time="0.001" /><testcase classname="test.test_config.TestConfigErrorHandling" name="test_graceful_edge_cases[env_vars2-Empty excluded file types]" file="test/test_config.py" line="369" time="0.001" /><testcase classname="test.test_config.TestConfigErrorHandling" name="test_graceful_edge_cases[env_vars3-Empty values in activity ID list]" file="test/test_config.py" line="369" time="0.001" /><testcase classname="test.test_config.TestConfigErrorHandling" name="test_graceful_edge_cases[env_vars4-Invalid date format (should be silently ignored)]" file="test/test_config.py" line="369" time="0.001" /><testcase classname="test.test_config.TestConfigSpecialCases" name="test_empty_environment" file="test/test_config.py" line="427" time="0.001" /><testcase classname="test.test_config.TestConfigSpecialCases" name="test_boolean_variations" file="test/test_config.py" line="433" time="0.007" /><testcase classname="test.test_config.TestConfigSpecialCases" name="test_numeric_boundary_values" file="test/test_config.py" line="456" time="0.001" /><testcase classname="test.test_config.TestConfigSpecialCases" name="test_whitespace_handling" file="test/test_config.py" line="468" time="0.001" /></testsuite></testsuites>